// Jest Snapshot v1, https://goo.gl/fbAQLP

exports[`About snapshot renders correctly 1`] = `
<div>
  <h1
    className="title is-1"
  >
    About
  </h1>
  <hr />
  <br />
  <p>
    Test driven app built on Flask, ReactJS, running on Amazon EC2/ECR and Docker.
  </p>
  <br />
  <span>
    Yeet.
  </span>
</div>
`;
